Running loop/009
KERNEL add      /devices/virtual/block/loop_/loop_p1 (block)
Test complete
